
bandit16@bandit:~$ clear
bandit16@bandit:~$ nmap -p 31000-32000

Starting Nmap 7.40 ( https://nmap.org ) at 2021-02-13 12:08 CET
WARNING: No targets were specified, so 0 hosts scanned.
Nmap done: 0 IP addresses (0 hosts up) scanned in 0.05 seconds
bandit16@bandit:~$ nmap -p 31000-32000 localhost

Starting Nmap 7.40 ( https://nmap.org ) at 2021-02-13 12:08 CET
Nmap scan report for localhost (127.0.0.1)
Host is up (0.00037s latency).
Not shown: 996 closed ports
PORT      STATE SERVICE
31046/tcp open  unknown
31518/tcp open  unknown
31691/tcp open  unknown
31790/tcp open  unknown
31960/tcp open  unknown

Nmap done: 1 IP address (1 host up) scanned in 0.09 seconds
bandit16@bandit:~$ cat /etc/bandit_pass/bandit16 | openssl s_client -connect localhost 31046 -quiet
s_client: Use -help for summary.
bandit16@bandit:~$ cat /etc/bandit_pass/bandit16 | openssl s_client -connect localhost:31046 -quiet
140358196117568:error:141A10F4:SSL routines:ossl_statem_client_read_transition:unexpected message:../ssl/statem/statem_clnt.c:284:
bandit16@bandit:~$ cat /etc/bandit_pass/bandit16 | openssl s_client -connect localhost:31518 -quiet
depth=0 CN = localhost
verify error:num=18:self signed certificate
verify return:1
depth=0 CN = localhost
verify return:1
cluFn7wTiGryunymYOu4RcffSxQluehd

cluFn7wTiGryunymYOu4RcffSxQluehd
^C
bandit16@bandit:~$ cat /etc/bandit_pass/bandit16 | openssl s_client -connect localhost:31518 -quiet
depth=0 CN = localhost
verify error:num=18:self signed certificate
verify return:1
depth=0 CN = localhost
verify return:1
cluFn7wTiGryunymYOu4RcffSxQluehd








^C
bandit16@bandit:~$ ^C
bandit16@bandit:~$ ^C
bandit16@bandit:~$ cat /etc/bandit_pass/bandit16 | openssl s_client -connect localhost:31691
CONNECTED(00000003)
139970428825664:error:141A10F4:SSL routines:ossl_statem_client_read_transition:unexpected message:../ssl/statem/statem_clnt.c:284:
---
no peer certificate available
---
No client certificate CA names sent
---
SSL handshake has read 176 bytes and written 183 bytes
Verification: OK
---
New, (NONE), Cipher is (NONE)
Secure Renegotiation IS NOT supported
Compression: NONE
Expansion: NONE
No ALPN negotiated
SSL-Session:
    Protocol  : TLSv1.2
    Cipher    : 0000
    Session-ID: 
    Session-ID-ctx: 
    Master-Key: 
    PSK identity: None
    PSK identity hint: None
    SRP username: None
    Start Time: 1613214687
    Timeout   : 7200 (sec)
    Verify return code: 0 (ok)
    Extended master secret: no
---
bandit16@bandit:~$ cat /etc/bandit_pass/bandit16 | openssl s_client -connect localhost:31518 -quiet^C
bandit16@bandit:~$ cat /etc/bandit_pass/bandit16 | openssl s_client -connect localhost:31691
CONNECTED(00000003)
140268624941120:error:141A10F4:SSL routines:ossl_statem_client_read_transition:unexpected message:../ssl/statem/statem_clnt.c:284:
---
no peer certificate available
---
No client certificate CA names sent
---
SSL handshake has read 176 bytes and written 183 bytes
Verification: OK
---
New, (NONE), Cipher is (NONE)
Secure Renegotiation IS NOT supported
Compression: NONE
Expansion: NONE
No ALPN negotiated
SSL-Session:
    Protocol  : TLSv1.2
    Cipher    : 0000
    Session-ID: 
    Session-ID-ctx: 
    Master-Key: 
    PSK identity: None
    PSK identity hint: None
    SRP username: None
    Start Time: 1613214744
    Timeout   : 7200 (sec)
    Verify return code: 0 (ok)
    Extended master secret: no
---
bandit16@bandit:~$ cat /etc/bandit_pass/bandit16 | openssl s_client -connect localhost:31691 -quiet
140185744609344:error:141A10F4:SSL routines:ossl_statem_client_read_transition:unexpected message:../ssl/statem/statem_clnt.c:284:
bandit16@bandit:~$ cat /etc/bandit_pass/bandit16 | openssl s_client -connect localhost:31790 -quiet
depth=0 CN = localhost
verify error:num=18:self signed certificate
verify return:1
depth=0 CN = localhost
verify return:1
Correct!
-----BEGIN RSA PRIVATE KEY-----
MIIEogIBAAKCAQEAvmOkuifmMg6HL2YPIOjon6iWfbp7c3jx34YkYWqUH57SUdyJ
imZzeyGC0gtZPGujUSxiJSWI/oTqexh+cAMTSMlOJf7+BrJObArnxd9Y7YT2bRPQ
Ja6Lzb558YW3FZl87ORiO+rW4LCDCNd2lUvLE/GL2GWyuKN0K5iCd5TbtJzEkQTu
DSt2mcNn4rhAL+JFr56o4T6z8WWAW18BR6yGrMq7Q/kALHYW3OekePQAzL0VUYbW
JGTi65CxbCnzc/w4+mqQyvmzpWtMAzJTzAzQxNbkR2MBGySxDLrjg0LWN6sK7wNX
x0YVztz/zbIkPjfkU1jHS+9EbVNj+D1XFOJuaQIDAQABAoIBABagpxpM1aoLWfvD
KHcj10nqcoBc4oE11aFYQwik7xfW+24pRNuDE6SFthOar69jp5RlLwD1NhPx3iBl
J9nOM8OJ0VToum43UOS8YxF8WwhXriYGnc1sskbwpXOUDc9uX4+UESzH22P29ovd
d8WErY0gPxun8pbJLmxkAtWNhpMvfe0050vk9TL5wqbu9AlbssgTcCXkMQnPw9nC
YNN6DDP2lbcBrvgT9YCNL6C+ZKufD52yOQ9qOkwFTEQpjtF4uNtJom+asvlpmS8A
vLY9r60wYSvmZhNqBUrj7lyCtXMIu1kkd4w7F77k+DjHoAXyxcUp1DGL51sOmama
+TOWWgECgYEA8JtPxP0GRJ+IQkX262jM3dEIkza8ky5moIwUqYdsx0NxHgRRhORT
8c8hAuRBb2G82so8vUHk/fur85OEfc9TncnCY2crpoqsghifKLxrLgtT+qDpfZnx
SatLdt8GfQ85yA7hnWWJ2MxF3NaeSDm75Lsm+tBbAiyc9P2jGRNtMSkCgYEAypHd
HCctNi/FwjulhttFx/rHYKhLidZDFYeiE/v45bN4yFm8x7R/b0iE7KaszX+Exdvt
SghaTdcG0Knyw1bpJVyusavPzpaJMjdJ6tcFhVAbAjm7enCIvGCSx+X3l5SiWg0A
R57hJglezIiVjv3aGwHwvlZvtszK6zV6oXFAu0ECgYAbjo46T4hyP5tJi93V5HDi
Ttiek7xRVxUl+iU7rWkGAXFpMLFteQEsRr7PJ/lemmEY5eTDAFMLy9FL2m9oQWCg
R8VdwSk8r9FGLS+9aKcV5PI/WEKlwgXinB3OhYimtiG2Cg5JCqIZFHxD6MjEGOiu
L8ktHMPvodBwNsSBULpG0QKBgBAplTfC1HOnWiMGOU3KPwYWt0O6CdTkmJOmL8Ni
blh9elyZ9FsGxsgtRBXRsqXuz7wtsQAgLHxbdLq/ZJQ7YfzOKU4ZxEnabvXnvWkU
YOdjHdSOoKvDQNWu6ucyLRAWFuISeXw9a/9p7ftpxm0TSgyvmfLF2MIAEwyzRqaM
77pBAoGAMmjmIJdjp+Ez8duyn3ieo36yrttF5NSsJLAbxFpdlc1gvtGCWW+9Cq0b
dxviW8+TFVEBl1O4f7HVm6EpTscdDxU+bCXWkfjuRb7Dy9GOtt9JPsX8MBTakzh3
vBgsyi/sN3RqRBcGU40fOoZyfAMT8s1m/uYv52O6IgeuZ/ujbjY=
-----END RSA PRIVATE KEY-----

bandit16@bandit:~$ rm -rf /tmp/computershane
rm: cannot remove '/tmp/computershane/data6.tar': Permission denied
rm: cannot remove '/tmp/computershane/data.txt': Permission denied
bandit16@bandit:~$ rm -rf /tmp/yo
bandit16@bandit:~$ mkdir /tmp/yo
bandit16@bandit:~$ cd /tmp/yo
bandit16@bandit:/tmp/yo$ vim sshkey.private
bandit16@bandit:/tmp/yo$ cat sshkey.private 
-----BEGIN RSA PRIVATE KEY-----
MIIEogIBAAKCAQEAvmOkuifmMg6HL2YPIOjon6iWfbp7c3jx34YkYWqUH57SUdyJ
imZzeyGC0gtZPGujUSxiJSWI/oTqexh+cAMTSMlOJf7+BrJObArnxd9Y7YT2bRPQ
Ja6Lzb558YW3FZl87ORiO+rW4LCDCNd2lUvLE/GL2GWyuKN0K5iCd5TbtJzEkQTu
DSt2mcNn4rhAL+JFr56o4T6z8WWAW18BR6yGrMq7Q/kALHYW3OekePQAzL0VUYbW
JGTi65CxbCnzc/w4+mqQyvmzpWtMAzJTzAzQxNbkR2MBGySxDLrjg0LWN6sK7wNX
x0YVztz/zbIkPjfkU1jHS+9EbVNj+D1XFOJuaQIDAQABAoIBABagpxpM1aoLWfvD
KHcj10nqcoBc4oE11aFYQwik7xfW+24pRNuDE6SFthOar69jp5RlLwD1NhPx3iBl
J9nOM8OJ0VToum43UOS8YxF8WwhXriYGnc1sskbwpXOUDc9uX4+UESzH22P29ovd
d8WErY0gPxun8pbJLmxkAtWNhpMvfe0050vk9TL5wqbu9AlbssgTcCXkMQnPw9nC
YNN6DDP2lbcBrvgT9YCNL6C+ZKufD52yOQ9qOkwFTEQpjtF4uNtJom+asvlpmS8A
vLY9r60wYSvmZhNqBUrj7lyCtXMIu1kkd4w7F77k+DjHoAXyxcUp1DGL51sOmama
+TOWWgECgYEA8JtPxP0GRJ+IQkX262jM3dEIkza8ky5moIwUqYdsx0NxHgRRhORT
8c8hAuRBb2G82so8vUHk/fur85OEfc9TncnCY2crpoqsghifKLxrLgtT+qDpfZnx
SatLdt8GfQ85yA7hnWWJ2MxF3NaeSDm75Lsm+tBbAiyc9P2jGRNtMSkCgYEAypHd
HCctNi/FwjulhttFx/rHYKhLidZDFYeiE/v45bN4yFm8x7R/b0iE7KaszX+Exdvt
SghaTdcG0Knyw1bpJVyusavPzpaJMjdJ6tcFhVAbAjm7enCIvGCSx+X3l5SiWg0A
R57hJglezIiVjv3aGwHwvlZvtszK6zV6oXFAu0ECgYAbjo46T4hyP5tJi93V5HDi
Ttiek7xRVxUl+iU7rWkGAXFpMLFteQEsRr7PJ/lemmEY5eTDAFMLy9FL2m9oQWCg
R8VdwSk8r9FGLS+9aKcV5PI/WEKlwgXinB3OhYimtiG2Cg5JCqIZFHxD6MjEGOiu
L8ktHMPvodBwNsSBULpG0QKBgBAplTfC1HOnWiMGOU3KPwYWt0O6CdTkmJOmL8Ni
blh9elyZ9FsGxsgtRBXRsqXuz7wtsQAgLHxbdLq/ZJQ7YfzOKU4ZxEnabvXnvWkU
YOdjHdSOoKvDQNWu6ucyLRAWFuISeXw9a/9p7ftpxm0TSgyvmfLF2MIAEwyzRqaM
77pBAoGAMmjmIJdjp+Ez8duyn3ieo36yrttF5NSsJLAbxFpdlc1gvtGCWW+9Cq0b
dxviW8+TFVEBl1O4f7HVm6EpTscdDxU+bCXWkfjuRb7Dy9GOtt9JPsX8MBTakzh3
vBgsyi/sN3RqRBcGU40fOoZyfAMT8s1m/uYv52O6IgeuZ/ujbjY=
-----END RSA PRIVATE KEY-----

bandit16@bandit:/tmp/yo$ ssh -i sshkey.private bandit17@localhost
Could not create directory '/home/bandit16/.ssh'.
The authenticity of host 'localhost (127.0.0.1)' can't be established.
ECDSA key fingerprint is SHA256:98UL0ZWr85496EtCRkKlo20X3OPnyPSB5tB5RPbhczc.
Are you sure you want to continue connecting (yes/no)? yes
Failed to add the host to the list of known hosts (/home/bandit16/.ssh/known_hosts).
This is a OverTheWire game server. More information on http://www.overthewire.org/wargames

@@@@@@@@@@@@@@@@@@@@@@@@@@@@@@@@@@@@@@@@@@@@@@@@@@@@@@@@@@@
@         WARNING: UNPROTECTED PRIVATE KEY FILE!          @
@@@@@@@@@@@@@@@@@@@@@@@@@@@@@@@@@@@@@@@@@@@@@@@@@@@@@@@@@@@
Permissions 0644 for 'sshkey.private' are too open.
It is required that your private key files are NOT accessible by others.
This private key will be ignored.
Load key "sshkey.private": bad permissions
bandit17@localhost's password: 
Permission denied, please try again.
bandit17@localhost's password: 
Permission denied, please try again.
bandit17@localhost's password: 
Permission denied (publickey,password).
bandit16@bandit:/tmp/yo$ chmod 400 sshkey.private 
bandit16@bandit:/tmp/yo$ ssh -i sshkey.private bandit17@localhost
Could not create directory '/home/bandit16/.ssh'.
The authenticity of host 'localhost (127.0.0.1)' can't be established.
ECDSA key fingerprint is SHA256:98UL0ZWr85496EtCRkKlo20X3OPnyPSB5tB5RPbhczc.
Are you sure you want to continue connecting (yes/no)? yes
Failed to add the host to the list of known hosts (/home/bandit16/.ssh/known_hosts).
This is a OverTheWire game server. More information on http://www.overthewire.org/wargames

Linux bandit.otw.local 5.4.8 x86_64 GNU/Linux

      ,----..            ,----,          .---.
     /   /   \         ,/   .`|         /. ./|
    /   .     :      ,`   .'  :     .--'.  ' ;
   .   /   ;.  \   ;    ;     /    /__./ \ : |
  .   ;   /  ` ; .'___,/    ,' .--'.  '   \' .
  ;   |  ; \ ; | |    :     | /___/ \ |    ' '
  |   :  | ; | ' ;    |.';  ; ;   \  \;      :
  .   |  ' ' ' : `----'  |  |  \   ;  `      |
  '   ;  \; /  |     '   :  ;   .   \    .\  ;
   \   \  ',  /      |   |  '    \   \   ' \ |
    ;   :    /       '   :  |     :   '  |--"
     \   \ .'        ;   |.'       \   \ ;
  www. `---` ver     '---' he       '---" ire.org


Welcome to OverTheWire!

If you find any problems, please report them to Steven or morla on
irc.overthewire.org.

--[ Playing the games ]--

  This machine might hold several wargames.
  If you are playing "somegame", then:

    * USERNAMES are somegame0, somegame1, ...
    * Most LEVELS are stored in /somegame/.
    * PASSWORDS for each level are stored in /etc/somegame_pass/.

  Write-access to homedirectories is disabled. It is advised to create a
  working directory with a hard-to-guess name in /tmp/.  You can use the
  command "mktemp -d" in order to generate a random and hard to guess
  directory in /tmp/.  Read-access to both /tmp/ and /proc/ is disabled
  so that users can not snoop on eachother. Files and directories with
  easily guessable or short names will be periodically deleted!

  Please play nice:

    * don't leave orphan processes running
    * don't leave exploit-files laying around
    * don't annoy other players
    * don't post passwords or spoilers
    * again, DONT POST SPOILERS!
      This includes writeups of your solution on your blog or website!

--[ Tips ]--

  This machine has a 64bit processor and many security-features enabled
  by default, although ASLR has been switched off.  The following
  compiler flags might be interesting:

    -m32                    compile for 32bit
    -fno-stack-protector    disable ProPolice
    -Wl,-z,norelro          disable relro

  In addition, the execstack tool can be used to flag the stack as
  executable on ELF binaries.

  Finally, network-access is limited for most levels by a local
  firewall.

--[ Tools ]--

 For your convenience we have installed a few usefull tools which you can find
 in the following locations:

    * gef (https://github.com/hugsy/gef) in /usr/local/gef/
    * pwndbg (https://github.com/pwndbg/pwndbg) in /usr/local/pwndbg/
    * peda (https://github.com/longld/peda.git) in /usr/local/peda/
    * gdbinit (https://github.com/gdbinit/Gdbinit) in /usr/local/gdbinit/
    * pwntools (https://github.com/Gallopsled/pwntools)
    * radare2 (http://www.radare.org/)
    * checksec.sh (http://www.trapkit.de/tools/checksec.html) in /usr/local/bin/checksec.sh

--[ More information ]--

  For more information regarding individual wargames, visit
  http://www.overthewire.org/wargames/

  For support, questions or comments, contact us through IRC on
  irc.overthewire.org #wargames.

  Enjoy your stay!

bandit17@bandit:~$ cat /etc/bandit_pass/bandit17
xLYVMN9WE5zQ5vHacb0sZEVqbrp7nBTn
bandit17@bandit:~$ ions:
-bash: ions:: command not found
bandit17@bandit:~$ 
bandit17@bandit:~$     * gef (https://github.com/hugsy/gef) in /usr/local/gef/
-bash: syntax error near unexpected token `('
bandit17@bandit:~$     * pwndbg (https://github.com/pwndbg/pwndbg) in /usr/local/pwndbg/
-bash: syntax error near unexpected token `('
bandit17@bandit:~$     * peda (https://github.com/longld/peda.git) in /usr/local/peda/
-bash: syntax error near unexpected token `('
bandit17@bandit:~$     * gdbinit (https://github.com/gdbinit/Gdbinit) in /usr/local/gdbinit/
-bash: syntax error near unexpected token `('
bandit17@bandit:~$     * pwntools (https://github.com/Gallopsled/pwntools)
-bash: syntax error near unexpected token `('
bandit17@bandit:~$     * radare2 (http://www.radare.org/)
-bash: syntax error near unexpected token `('
bandit17@bandit:~$     * checksec.sh (http://www.trapkit.de/tools/checksec.html) in /usr/local/bin/checksec.sh
-bash: syntax error near unexpected token `('
bandit17@bandit:~$ 
bandit17@bandit:~$ --[ More information ]--
-bash: --[: command not found
bandit17@bandit:~$ 
Ybandit17@bandit:~$   For more information regarding individual wargames, visit
-bash: For: command not found
bandit17@bandit:~$   http://www.overthewire.org/wargames/
q-bash: http://www.overthewire.org/wargames/: No such file or directory
bandit17@bandit:~$ 
bandit17@bandit:~$   For support, questions or comments, contact us through IRC on-bash: For: command not found
bandit17@bandit:~$   irc.overthewire.org #wargames.
-bash: irc.overthewire.org: command not found
bandit17@bandit:~$ 
Qbandit17@bandit:~$   Enjoy your stay!
-bash: Enjoy: command not found
bandit17@bandit:~$ 
rbandit17@bandit:~$ bandit16@bandit:~$ clear
-bash: bandit16@bandit:~$: command not found
bandit17@bandit:~$ bandit16@bandit:~$ nmap -p 31000-32000
-bash: bandit16@bandit:~$: command not found
bandit17@bandit:~$ 
+bandit17@bandit:~$ Starting Nmap 7.40 ( https://nmap.org ) at 2021-02-13 12:08 CE-bash: syntax error near unexpected token `('
bandit17@bandit:~$ WARNING: No targets were specified, so 0 hosts scanned.
-bash: WARNING:: command not found
bandit17@bandit:~$ Nmap done: 0 IP addresses (0 hosts up) scanned in 0.05 seconds
-bash: syntax error near unexpected token `('
bandit17@bandit:~$ bandit16@bandit:~$ nmap -p 31000-32000 localhost
-bash: bandit16@bandit:~$: command not found
bandit17@bandit:~$ 
bandit17@bandit:~$ Starting Nmap 7.40 ( https://nmap.org ) at 2021-02-13 12:08 CET-bash: syntax error near unexpected token `('
bandit17@bandit:~$ Nmap scan report for localhost (127.0.0.1)
-bash: syntax error near unexpected token `('
bandit17@bandit:~$ Host is up (0.00037s latency).
-bash: syntax error near unexpected token `('
bandit17@bandit:~$ Not shown: 996 closed ports
-bash: Not: command not found
bandit17@bandit:~$ PORT      STATE SERVICE
-bash: PORT: command not found
bandit17@bandit:~$ 31046/tcp open  unknown
-bash: 31046/tcp: No such file or directory
bandit17@bandit:~$ 31518/tcp open  unknown
-bash: 31518/tcp: No such file or directory
bandit17@bandit:~$ 31691/tcp open  unknown
-bash: 31691/tcp: No such file or directory
bandit17@bandit:~$ 31790/tcp open  unknown
-bash: 31790/tcp: No such file or directory
bandit17@bandit:~$ 31960/tcp open  unknown
-bash: 31960/tcp: No such file or directory
bandit17@bandit:~$ 
bandit17@bandit:~$ Nmap done: 1 IP address (1 host up) scanned in 0.09 seconds
-bash: syntax error near unexpected token `('
bandit17@bandit:~$ bandit16@bandit:~$ cat /etc/bandit_pass/bandit16 | openssl s_client -connect localhost 31046 -quiet
Td-bash: bandit16@bandit:~$: command not found
s_client: Use -help for summary.
bandit17@bandit:~$ s_client: Use -help for summary.
-bash: s_client:: command not found
bandit17@bandit:~$ bandit16@bandit:~$ cat /etc/bandit_pass/bandit16 | openssl s_client -connect localhost:31046 -quiet
-bash: bandit16@bandit:~$: command not found
139705785679936:error:141A10F4:SSL routines:ossl_statem_client_read_transition:unexpected message:../ssl/statem/statem_clnt.c:284:
bandit17@bandit:~$ 140358196117568:error:141A10F4:SSL routines:ossl_statem_client_read_transition:unexpected message:../ssl/statem/statem_clnt.c:284:
-bash: 140358196117568:error:141A10F4:SSL: command not found
bandit17@bandit:~$ bandit16@bandit:~$ cat /etc/bandit_pass/bandit16 | openssl s_client -connect localhost:31518 -quiet
-bash: bandit16@bandit:~$: command not found
depth=0 CN = localhost
verify error:num=18:self signed certificate
verify return:1
depth=0 CN = localhost
verify return:1
